services/sfu/src/mediasoup/room.ts(17,29): error TS2307: Cannot find module 'mediasoup/node/lib/Router' or its corresponding type declarations.
services/sfu/src/mediasoup/room.ts(18,54): error TS2307: Cannot find module 'mediasoup/node/lib/WebRtcTransport' or its corresponding type declarations.
services/sfu/src/mediasoup/room.ts(19,31): error TS2307: Cannot find module 'mediasoup/node/lib/Producer' or its corresponding type declarations.
services/sfu/src/mediasoup/room.ts(20,31): error TS2307: Cannot find module 'mediasoup/node/lib/Consumer' or its corresponding type declarations.
services/sfu/src/mediasoup/room.ts(21,73): error TS2307: Cannot find module 'mediasoup/node/lib/rtpParametersTypes' or its corresponding type declarations.
services/sfu/src/mediasoup/worker.ts(18,29): error TS2307: Cannot find module 'mediasoup/node/lib/Worker' or its corresponding type declarations.
services/sfu/src/signaling/handler.ts(19,53): error TS2307: Cannot find module 'mediasoup/node/lib/rtpParametersTypes' or its corresponding type declarations.
services/sfu/src/signaling/handler.ts(20,37): error TS2307: Cannot find module 'mediasoup/node/lib/WebRtcTransportTypes' or its corresponding type declarations.
src/rtc/leeway-rtc-native.ts(7,49): error TS2307: Cannot find module 'react-native-webrtc' or its corresponding type declarations.
src/voice/VoiceStudio.tsx(718,37): error TS2367: This comparison appears to be unintentional because the types '"error" | "match" | "idle" | "boot" | "capture" | "analyze" | "profile" | "modulate" | "save"' and '"ready"' have no overlap.
src/voice/VoiceStudio.tsx(731,14): error TS2367: This comparison appears to be unintentional because the types '"error" | "match" | "idle" | "boot" | "capture" | "analyze" | "profile" | "modulate" | "preview" | "save"' and '"ready"' have no overlap.
